app/doctor/[id]/page.tsx(76,17): error TS2353: Object literal may only specify known properties, and 'className' does not exist in type 'Omit<ToastT, "id">'.
